
[2m> [22m[2mnx run[22m web:test --watch=false

node.exe : [1m[33mThe `@nx/jest:jest` executor is deprecated and will be 
removed in Nx v24. Run `nx g @nx/jest:convert-to-inferred` to migrate to the 
`@nx/jest/plugin` inferred targets. See 
https://nx.dev/docs/guides/tasks--caching/convert-to-inferred for 
details.[39m[22m
At line:1 char:1
+ & "C:\Program Files\nodejs/node.exe" "C:\Program Files\nodejs/node_mo ...
+ ~~~~~~~~~~~~~~~~~~~~~~~~~~~~~~~~~~~~~~~~~~~~~~~~~~~~~~~~~~~~~~~~~~~~~
    + CategoryInfo          : NotSpecified: ([1m[33mThe `@...ails.[39m[22m 
   :String) [], RemoteException
    + FullyQualifiedErrorId : NativeCommandError
 
[0m[7m[1m[32m PASS [39m[22m[27m[0m [0m[7m[37m web [39m[27m[0m [2
mapps/web/src/app/features/interview/store/[22m[1minterview-setup.store.spec.
ts[22m
[0m[7m[1m[32m PASS [39m[22m[27m[0m [0m[7m[37m web [39m[27m[0m 
[2mapps/web/src/app/core/guards/[22m[1mauth.guard.spec.ts[22m
[0m[7m[1m[32m PASS [39m[22m[27m[0m [0m[7m[37m web [39m[27m[0m 
[2mapps/web/src/app/features/auth/services/[22m[1mauth.service.spec.ts[22m
[0m[7m[1m[32m PASS [39m[22m[27m[0m [0m[7m[37m web [39m[27m[0m [2
mapps/web/src/app/features/interview/services/[22m[1minterview.service.spec.t
s[22m
[0m[7m[1m[32m PASS [39m[22m[27m[0m [0m[7m[37m web [39m[27m[0m 
[2mapps/web/src/app/[22m[1mapp.spec.ts[22m
[0m[7m[1m[31m FAIL [39m[22m[27m[0m [0m[7m[37m web [39m[27m[0m [2
mapps/web/src/app/features/interview/components/difficulty-selector/[22m[1mdi
fficulty-selector.component.spec.ts[22m
[1m[31m  [1mÔùÅ [22m[1mDifficultySelectorComponent ÔÇ║ should mark option 
as selected[39m[22m
    [2mexpect([22m[31mreceived[39m[2m).[22mtoBe[2m([22m[32mexpected[3
9m[2m) // Object.is equality[22m
    Expected: [32mtrue[39m
    Received: [31mfalse[39m
[2m[22m
[2m    [0m [90m 42 |[39m     
fixture[33m.[39mdetectChanges()[33m;[39m[22m
[2m     [90m 43 |[39m[22m
[2m    [31m[1m>[22m[2m[39m[90m 44 |[39m     
expect(component[33m.[39misSelected([32m'ADVANCED'[39m [36mas[39m 
[33mDifficultyLevel[39m))[33m.[39mtoBe([36mtrue[39m)[33m;[39m[22m
[2m     [90m    |[39m                                                       
          [31m[1m^[22m[2m[39m[22m
[2m     [90m 45 |[39m     
expect(component[33m.[39misSelected([32m'BEGINNER'[39m [36mas[39m 
[33mDifficultyLevel[39m))[33m.[39mtoBe([36mfalse[39m)[33m;[39m[22m
[2m     [90m 46 |[39m   })[33m;[39m[22m
[2m     [90m 47 |[39m[0m[22m
[2m[22m
[2m      [2mat [22m[2m[0m[36msrc/app/features/interview/components/diffic
ulty-selector/difficulty-selector.component.spec.ts[39m[0m[2m:44:65[22m[2m
[22m
[2m      [2mat _ZoneDelegate.invoke ([22m[2m../../node_modules/zone.js/bund
les/zone.umd.js[2m:410:32)[22m[2m[22m
[2m      [2mat ProxyZoneSpec.Object.<anonymous>.ProxyZoneSpec.onInvoke ([22m
[2m../../node_modules/zone.js/bundles/zone-testing.umd.js[2m:2219:43)[22m[2
m[22m
[2m      [2mat _ZoneDelegate.invoke ([22m[2m../../node_modules/zone.js/bund
les/zone.umd.js[2m:409:38)[22m[2m[22m
[2m      [2mat ZoneImpl.run ([22m[2m../../node_modules/zone.js/bundles/zone
.umd.js[2m:145:47)[22m[2m[22m
[2m      [2mat Object.wrappedFunc ([22m[2m../../node_modules/zone.js/bundle
s/zone-testing.umd.js[2m:449:38)[22m[2m[22m
[0m[7m[1m[32m PASS [39m[22m[27m[0m [0m[7m[37m web [39m[27m[0m [2
mapps/web/src/app/features/auth/pages/register/[22m[1mregister.component.spec
.ts[22m
[0m[7m[1m[32m PASS [39m[22m[27m[0m [0m[7m[37m web [39m[27m[0m [2
mapps/web/src/app/features/auth/pages/login/[22m[1mlogin.component.spec.ts[2
2m
[0m[7m[1m[32m PASS [39m[22m[27m[0m [0m[7m[37m web [39m[27m[0m [2
mapps/web/src/app/features/interview/components/technology-selector/[22m[1mte
chnology-selector.component.spec.ts[22m
[0m[7m[1m[32m PASS [39m[22m[27m[0m [0m[7m[37m web [39m[27m[0m [2
mapps/web/src/app/features/interview/pages/interview-setup/[22m[1minterview-s
etup.component.spec.ts[22m ([0m[1m[41m6.168 s[49m[22m[0m)
[1mTest Suites: [22m[1m[31m1 failed[39m[22m, [1m[32m9 
passed[39m[22m, 10 total
[1mTests:       [22m[1m[31m1 failed[39m[22m, [1m[32m57 
passed[39m[22m, 58 total
[1mSnapshots:   [22m0 total
[1mTime:[22m        [1m[33m10.948 s[39m[22m
[2mRan all test suites[22m[2m.[22m

[2m[31m[39m[22m

[7m[1m[31m NX [39m[22m[27m  [31mRunning target [1mtest[22m for 
project web failed[39m

[2mFailed tasks:[22m

[2m-[22m web:test

[2mHint: run the command with[22m --verbose [2mfor more details.[22m

  Run duration:      14.7s
  Critical path:     14.6s (1 task)
  Recoverable time:  <1ms

  Recommendations:
    - Speed up or split the longest tasks on the critical path:
        web:test    14.6s
